2025-07-10 17:04:02,452 - INFO - Using device: cuda
2025-07-10 17:04:02,537 - INFO - Loading pretrained weights from Hugging Face hub (timm/efficientnet_b3.ra2_in1k)
2025-07-10 17:04:02,969 - INFO - [timm/efficientnet_b3.ra2_in1k] Safe alternative available for 'pytorch_model.bin' (as 'model.safetensors'). Loading weights using safetensors.
2025-07-10 17:04:03,081 - WARNING - Unexpected keys (bn2.bias, bn2.num_batches_tracked, bn2.running_mean, bn2.running_var, bn2.weight, classifier.bias, classifier.weight, conv_head.weight) found while loading pretrained weights. This may be expected if model is being adapted.
2025-07-10 17:04:03,407 - INFO - Model created with 23902109 parameters
2025-07-10 17:04:03,407 - INFO - Starting sequential training on all datasets
2025-07-10 17:04:03,407 - INFO - Training on classification dataset: brain_mri_nd5
2025-07-10 17:04:03,408 - INFO - Training classification task on brain_mri_nd5 dataset
2025-07-10 17:04:03,638 - INFO - Early stopping disabled - training will run for full number of epochs
2025-07-10 17:04:10,031 - INFO - Epoch 1/10
2025-07-10 17:04:10,031 - INFO - Train Loss: 0.0279, Val Loss: 0.0156
2025-07-10 17:04:10,031 - INFO - Train Accuracy: 0.6280, Val Accuracy: 0.8126
2025-07-10 17:04:10,170 - INFO - Checkpoint saved: ./models/best_classification_brain_mri_nd5.pth
2025-07-10 17:04:15,568 - INFO - Epoch 2/10
2025-07-10 17:04:15,568 - INFO - Train Loss: 0.0180, Val Loss: 0.0112
2025-07-10 17:04:15,568 - INFO - Train Accuracy: 0.7764, Val Accuracy: 0.8782
2025-07-10 17:04:15,715 - INFO - Checkpoint saved: ./models/best_classification_brain_mri_nd5.pth
2025-07-10 17:04:21,121 - INFO - Epoch 3/10
2025-07-10 17:04:21,121 - INFO - Train Loss: 0.0133, Val Loss: 0.0085
2025-07-10 17:04:21,121 - INFO - Train Accuracy: 0.8413, Val Accuracy: 0.8941
2025-07-10 17:04:21,264 - INFO - Checkpoint saved: ./models/best_classification_brain_mri_nd5.pth
2025-07-10 17:04:26,721 - INFO - Epoch 4/10
2025-07-10 17:04:26,721 - INFO - Train Loss: 0.0131, Val Loss: 0.0095
2025-07-10 17:04:26,721 - INFO - Train Accuracy: 0.8521, Val Accuracy: 0.8913
2025-07-10 17:04:32,126 - INFO - Epoch 5/10
2025-07-10 17:04:32,126 - INFO - Train Loss: 0.0114, Val Loss: 0.0053
2025-07-10 17:04:32,126 - INFO - Train Accuracy: 0.8697, Val Accuracy: 0.9400
2025-07-10 17:04:32,272 - INFO - Checkpoint saved: ./models/best_classification_brain_mri_nd5.pth
2025-07-10 17:04:37,593 - INFO - Epoch 6/10
2025-07-10 17:04:37,593 - INFO - Train Loss: 0.0094, Val Loss: 0.0070
2025-07-10 17:04:37,593 - INFO - Train Accuracy: 0.8940, Val Accuracy: 0.9194
2025-07-10 17:04:42,986 - INFO - Epoch 7/10
2025-07-10 17:04:42,986 - INFO - Train Loss: 0.0091, Val Loss: 0.0058
2025-07-10 17:04:42,986 - INFO - Train Accuracy: 0.9001, Val Accuracy: 0.9428
2025-07-10 17:04:48,314 - INFO - Epoch 8/10
2025-07-10 17:04:48,314 - INFO - Train Loss: 0.0078, Val Loss: 0.0054
2025-07-10 17:04:48,314 - INFO - Train Accuracy: 0.9079, Val Accuracy: 0.9353
2025-07-10 17:04:53,650 - INFO - Epoch 9/10
2025-07-10 17:04:53,650 - INFO - Train Loss: 0.0067, Val Loss: 0.0028
2025-07-10 17:04:53,650 - INFO - Train Accuracy: 0.9252, Val Accuracy: 0.9644
2025-07-10 17:04:53,797 - INFO - Checkpoint saved: ./models/best_classification_brain_mri_nd5.pth
2025-07-10 17:04:59,133 - INFO - Epoch 10/10
2025-07-10 17:04:59,133 - INFO - Train Loss: 0.0073, Val Loss: 0.0036
2025-07-10 17:04:59,133 - INFO - Train Accuracy: 0.9173, Val Accuracy: 0.9522
2025-07-10 17:04:59,744 - INFO - Training history saved to CSV: ./results/classification_brain_mri_nd5_training_history.csv
2025-07-10 17:04:59,746 - INFO - Training on classification dataset: pancreas
2025-07-10 17:04:59,746 - INFO - Training classification task on pancreas dataset
2025-07-10 17:04:59,763 - INFO - Early stopping disabled - training will run for full number of epochs
2025-07-10 17:05:00,445 - INFO - Epoch 1/10
2025-07-10 17:05:00,445 - INFO - Train Loss: 0.0145, Val Loss: 0.0250
2025-07-10 17:05:00,445 - INFO - Train Accuracy: 0.8000, Val Accuracy: 0.7547
2025-07-10 17:05:00,692 - INFO - Checkpoint saved: ./models/best_classification_pancreas.pth
2025-07-10 17:05:01,268 - INFO - Epoch 2/10
2025-07-10 17:05:01,268 - INFO - Train Loss: 0.0133, Val Loss: 0.0044
2025-07-10 17:05:01,268 - INFO - Train Accuracy: 0.8190, Val Accuracy: 1.0000
2025-07-10 17:05:01,407 - INFO - Checkpoint saved: ./models/best_classification_pancreas.pth
2025-07-10 17:05:01,984 - INFO - Epoch 3/10
2025-07-10 17:05:01,984 - INFO - Train Loss: 0.0098, Val Loss: 0.0024
2025-07-10 17:05:01,984 - INFO - Train Accuracy: 0.8619, Val Accuracy: 0.9811
2025-07-10 17:05:02,121 - INFO - Checkpoint saved: ./models/best_classification_pancreas.pth
2025-07-10 17:05:02,706 - INFO - Epoch 4/10
2025-07-10 17:05:02,706 - INFO - Train Loss: 0.0073, Val Loss: 0.0022
2025-07-10 17:05:02,706 - INFO - Train Accuracy: 0.9000, Val Accuracy: 1.0000
2025-07-10 17:05:02,843 - INFO - Checkpoint saved: ./models/best_classification_pancreas.pth
2025-07-10 17:05:03,406 - INFO - Epoch 5/10
2025-07-10 17:05:03,407 - INFO - Train Loss: 0.0054, Val Loss: 0.0010
2025-07-10 17:05:03,407 - INFO - Train Accuracy: 0.9476, Val Accuracy: 1.0000
2025-07-10 17:05:03,546 - INFO - Checkpoint saved: ./models/best_classification_pancreas.pth
2025-07-10 17:05:04,087 - INFO - Epoch 6/10
2025-07-10 17:05:04,087 - INFO - Train Loss: 0.0032, Val Loss: 0.0005
2025-07-10 17:05:04,087 - INFO - Train Accuracy: 0.9667, Val Accuracy: 1.0000
2025-07-10 17:05:04,224 - INFO - Checkpoint saved: ./models/best_classification_pancreas.pth
2025-07-10 17:05:04,797 - INFO - Epoch 7/10
2025-07-10 17:05:04,797 - INFO - Train Loss: 0.0035, Val Loss: 0.0030
2025-07-10 17:05:04,797 - INFO - Train Accuracy: 0.9667, Val Accuracy: 0.9811
2025-07-10 17:05:05,346 - INFO - Epoch 8/10
2025-07-10 17:05:05,346 - INFO - Train Loss: 0.0052, Val Loss: 0.0021
2025-07-10 17:05:05,346 - INFO - Train Accuracy: 0.9571, Val Accuracy: 0.9811
2025-07-10 17:05:05,903 - INFO - Epoch 9/10
2025-07-10 17:05:05,903 - INFO - Train Loss: 0.0035, Val Loss: 0.0038
2025-07-10 17:05:05,903 - INFO - Train Accuracy: 0.9714, Val Accuracy: 1.0000
2025-07-10 17:05:06,452 - INFO - Epoch 10/10
2025-07-10 17:05:06,452 - INFO - Train Loss: 0.0025, Val Loss: 0.0010
2025-07-10 17:05:06,452 - INFO - Train Accuracy: 0.9810, Val Accuracy: 1.0000
2025-07-10 17:05:06,979 - INFO - Training history saved to CSV: ./results/classification_pancreas_training_history.csv
2025-07-10 17:05:06,980 - INFO - Training on classification dataset: breast_cancer
2025-07-10 17:05:06,980 - INFO - Training classification task on breast_cancer dataset
2025-07-10 17:05:06,995 - INFO - Early stopping disabled - training will run for full number of epochs
2025-07-10 17:05:08,505 - INFO - Epoch 1/10
2025-07-10 17:05:08,505 - INFO - Train Loss: 0.0148, Val Loss: 0.0101
2025-07-10 17:05:08,505 - INFO - Train Accuracy: 0.8202, Val Accuracy: 0.9333
2025-07-10 17:05:08,628 - INFO - Checkpoint saved: ./models/best_classification_breast_cancer.pth
2025-07-10 17:05:10,044 - INFO - Epoch 2/10
2025-07-10 17:05:10,044 - INFO - Train Loss: 0.0111, Val Loss: 0.0068
2025-07-10 17:05:10,044 - INFO - Train Accuracy: 0.8315, Val Accuracy: 0.9333
2025-07-10 17:05:10,194 - INFO - Checkpoint saved: ./models/best_classification_breast_cancer.pth
2025-07-10 17:05:11,610 - INFO - Epoch 3/10
2025-07-10 17:05:11,610 - INFO - Train Loss: 0.0078, Val Loss: 0.0106
2025-07-10 17:05:11,610 - INFO - Train Accuracy: 0.8820, Val Accuracy: 0.9556
2025-07-10 17:05:13,018 - INFO - Epoch 4/10
2025-07-10 17:05:13,019 - INFO - Train Loss: 0.0118, Val Loss: 0.0142
2025-07-10 17:05:13,019 - INFO - Train Accuracy: 0.8876, Val Accuracy: 0.9333
2025-07-10 17:05:14,435 - INFO - Epoch 5/10
2025-07-10 17:05:14,435 - INFO - Train Loss: 0.0076, Val Loss: 0.0078
2025-07-10 17:05:14,435 - INFO - Train Accuracy: 0.9157, Val Accuracy: 0.9556
2025-07-10 17:05:15,833 - INFO - Epoch 6/10
2025-07-10 17:05:15,833 - INFO - Train Loss: 0.0050, Val Loss: 0.0080
2025-07-10 17:05:15,833 - INFO - Train Accuracy: 0.9270, Val Accuracy: 0.9556
2025-07-10 17:05:17,233 - INFO - Epoch 7/10
2025-07-10 17:05:17,233 - INFO - Train Loss: 0.0105, Val Loss: 0.0075
2025-07-10 17:05:17,233 - INFO - Train Accuracy: 0.9157, Val Accuracy: 0.9556
2025-07-10 17:05:18,633 - INFO - Epoch 8/10
2025-07-10 17:05:18,633 - INFO - Train Loss: 0.0076, Val Loss: 0.0062
2025-07-10 17:05:18,633 - INFO - Train Accuracy: 0.9326, Val Accuracy: 0.9778
2025-07-10 17:05:18,767 - INFO - Checkpoint saved: ./models/best_classification_breast_cancer.pth
2025-07-10 17:05:20,172 - INFO - Epoch 9/10
2025-07-10 17:05:20,172 - INFO - Train Loss: 0.0058, Val Loss: 0.0059
2025-07-10 17:05:20,172 - INFO - Train Accuracy: 0.9326, Val Accuracy: 0.9778
2025-07-10 17:05:20,311 - INFO - Checkpoint saved: ./models/best_classification_breast_cancer.pth
2025-07-10 17:05:21,716 - INFO - Epoch 10/10
2025-07-10 17:05:21,716 - INFO - Train Loss: 0.0086, Val Loss: 0.0056
2025-07-10 17:05:21,716 - INFO - Train Accuracy: 0.9157, Val Accuracy: 0.9778
2025-07-10 17:05:21,856 - INFO - Checkpoint saved: ./models/best_classification_breast_cancer.pth
2025-07-10 17:05:22,392 - INFO - Training history saved to CSV: ./results/classification_breast_cancer_training_history.csv
2025-07-10 17:05:22,393 - INFO - Training on segmentation dataset: medseg_covid
2025-07-10 17:05:22,393 - INFO - Training segmentation task on medseg_covid dataset
2025-07-10 17:05:22,407 - INFO - Early stopping disabled - training will run for full number of epochs
2025-07-10 17:05:22,923 - INFO - Epoch 1/10
2025-07-10 17:05:22,923 - INFO - Train Loss: 0.0260, Val Loss: 0.1011
2025-07-10 17:05:22,923 - INFO - Train Dice: 0.5075, Val Dice: 0.4763
2025-07-10 17:05:22,923 - INFO - Train IoU: 0.4814, Val IoU: 0.4424
2025-07-10 17:05:23,089 - INFO - Checkpoint saved: ./models/best_segmentation_medseg_covid.pth
2025-07-10 17:05:23,466 - INFO - Epoch 2/10
2025-07-10 17:05:23,466 - INFO - Train Loss: 0.0258, Val Loss: 0.0991
2025-07-10 17:05:23,466 - INFO - Train Dice: 0.4953, Val Dice: 0.4893
2025-07-10 17:05:23,466 - INFO - Train IoU: 0.4798, Val IoU: 0.4724
2025-07-10 17:05:23,625 - INFO - Checkpoint saved: ./models/best_segmentation_medseg_covid.pth
2025-07-10 17:05:24,012 - INFO - Epoch 3/10
2025-07-10 17:05:24,013 - INFO - Train Loss: 0.0257, Val Loss: 0.0980
2025-07-10 17:05:24,013 - INFO - Train Dice: 0.5130, Val Dice: 0.4915
2025-07-10 17:05:24,013 - INFO - Train IoU: 0.4921, Val IoU: 0.4817
2025-07-10 17:05:24,180 - INFO - Checkpoint saved: ./models/best_segmentation_medseg_covid.pth
2025-07-10 17:05:24,554 - INFO - Epoch 4/10
2025-07-10 17:05:24,554 - INFO - Train Loss: 0.0255, Val Loss: 0.0970
2025-07-10 17:05:24,554 - INFO - Train Dice: 0.5071, Val Dice: 0.4920
2025-07-10 17:05:24,554 - INFO - Train IoU: 0.4921, Val IoU: 0.4843
2025-07-10 17:05:24,713 - INFO - Checkpoint saved: ./models/best_segmentation_medseg_covid.pth
2025-07-10 17:05:25,087 - INFO - Epoch 5/10
2025-07-10 17:05:25,087 - INFO - Train Loss: 0.0254, Val Loss: 0.0964
2025-07-10 17:05:25,087 - INFO - Train Dice: 0.4993, Val Dice: 0.4926
2025-07-10 17:05:25,087 - INFO - Train IoU: 0.4895, Val IoU: 0.4854
2025-07-10 17:05:25,250 - INFO - Checkpoint saved: ./models/best_segmentation_medseg_covid.pth
2025-07-10 17:05:25,625 - INFO - Epoch 6/10
2025-07-10 17:05:25,625 - INFO - Train Loss: 0.0253, Val Loss: 0.0958
2025-07-10 17:05:25,625 - INFO - Train Dice: 0.5024, Val Dice: 0.4928
2025-07-10 17:05:25,625 - INFO - Train IoU: 0.4931, Val IoU: 0.4857
2025-07-10 17:05:25,783 - INFO - Checkpoint saved: ./models/best_segmentation_medseg_covid.pth
2025-07-10 17:05:26,167 - INFO - Epoch 7/10
2025-07-10 17:05:26,167 - INFO - Train Loss: 0.0252, Val Loss: 0.0953
2025-07-10 17:05:26,167 - INFO - Train Dice: 0.4986, Val Dice: 0.4928
2025-07-10 17:05:26,167 - INFO - Train IoU: 0.4915, Val IoU: 0.4858
2025-07-10 17:05:26,341 - INFO - Checkpoint saved: ./models/best_segmentation_medseg_covid.pth
2025-07-10 17:05:26,716 - INFO - Epoch 8/10
2025-07-10 17:05:26,716 - INFO - Train Loss: 0.0250, Val Loss: 0.0947
2025-07-10 17:05:26,716 - INFO - Train Dice: 0.4976, Val Dice: 0.4928
2025-07-10 17:05:26,716 - INFO - Train IoU: 0.4910, Val IoU: 0.4859
2025-07-10 17:05:26,880 - INFO - Checkpoint saved: ./models/best_segmentation_medseg_covid.pth
2025-07-10 17:05:27,286 - INFO - Epoch 9/10
2025-07-10 17:05:27,286 - INFO - Train Loss: 0.0249, Val Loss: 0.0941
2025-07-10 17:05:27,286 - INFO - Train Dice: 0.4965, Val Dice: 0.4928
2025-07-10 17:05:27,286 - INFO - Train IoU: 0.4908, Val IoU: 0.4858
2025-07-10 17:05:27,465 - INFO - Checkpoint saved: ./models/best_segmentation_medseg_covid.pth
2025-07-10 17:05:27,971 - INFO - Epoch 10/10
2025-07-10 17:05:27,971 - INFO - Train Loss: 0.0248, Val Loss: 0.0935
2025-07-10 17:05:27,971 - INFO - Train Dice: 0.4991, Val Dice: 0.4927
2025-07-10 17:05:27,971 - INFO - Train IoU: 0.4925, Val IoU: 0.4857
2025-07-10 17:05:28,161 - INFO - Checkpoint saved: ./models/best_segmentation_medseg_covid.pth
2025-07-10 17:05:28,693 - INFO - Training history saved to CSV: ./results/segmentation_medseg_covid_training_history.csv
2025-07-10 17:05:28,694 - INFO - Training on segmentation dataset: medseg_liver
2025-07-10 17:05:28,695 - INFO - Training segmentation task on medseg_liver dataset
2025-07-10 17:05:28,711 - INFO - Early stopping disabled - training will run for full number of epochs
2025-07-10 17:05:29,773 - INFO - Epoch 1/10
2025-07-10 17:05:29,773 - INFO - Train Loss: 0.0314, Val Loss: 0.1061
2025-07-10 17:05:29,773 - INFO - Train Dice: 0.0361, Val Dice: 0.0511
2025-07-10 17:05:29,773 - INFO - Train IoU: 0.0186, Val IoU: 0.0265
2025-07-10 17:05:29,901 - INFO - Checkpoint saved: ./models/best_segmentation_medseg_liver.pth
2025-07-10 17:05:30,669 - INFO - Epoch 2/10
2025-07-10 17:05:30,669 - INFO - Train Loss: 0.0311, Val Loss: 0.1046
2025-07-10 17:05:30,669 - INFO - Train Dice: 0.0379, Val Dice: 0.0611
2025-07-10 17:05:30,669 - INFO - Train IoU: 0.0196, Val IoU: 0.0317
2025-07-10 17:05:30,805 - INFO - Checkpoint saved: ./models/best_segmentation_medseg_liver.pth
2025-07-10 17:05:31,557 - INFO - Epoch 3/10
2025-07-10 17:05:31,557 - INFO - Train Loss: 0.0309, Val Loss: 0.1033
2025-07-10 17:05:31,557 - INFO - Train Dice: 0.0414, Val Dice: 0.0852
2025-07-10 17:05:31,557 - INFO - Train IoU: 0.0213, Val IoU: 0.0445
2025-07-10 17:05:31,691 - INFO - Checkpoint saved: ./models/best_segmentation_medseg_liver.pth
2025-07-10 17:05:32,563 - INFO - Epoch 4/10
2025-07-10 17:05:32,563 - INFO - Train Loss: 0.0307, Val Loss: 0.1021
2025-07-10 17:05:32,563 - INFO - Train Dice: 0.0493, Val Dice: 0.1229
2025-07-10 17:05:32,563 - INFO - Train IoU: 0.0254, Val IoU: 0.0658
2025-07-10 17:05:32,712 - INFO - Checkpoint saved: ./models/best_segmentation_medseg_liver.pth
2025-07-10 17:05:33,442 - INFO - Epoch 5/10
2025-07-10 17:05:33,443 - INFO - Train Loss: 0.0305, Val Loss: 0.1012
2025-07-10 17:05:33,443 - INFO - Train Dice: 0.0571, Val Dice: 0.1658
2025-07-10 17:05:33,443 - INFO - Train IoU: 0.0294, Val IoU: 0.0921
2025-07-10 17:05:33,620 - INFO - Checkpoint saved: ./models/best_segmentation_medseg_liver.pth
2025-07-10 17:05:34,375 - INFO - Epoch 6/10
2025-07-10 17:05:34,375 - INFO - Train Loss: 0.0304, Val Loss: 0.1002
2025-07-10 17:05:34,375 - INFO - Train Dice: 0.0640, Val Dice: 0.2061
2025-07-10 17:05:34,375 - INFO - Train IoU: 0.0331, Val IoU: 0.1189
2025-07-10 17:05:34,537 - INFO - Checkpoint saved: ./models/best_segmentation_medseg_liver.pth
2025-07-10 17:05:35,251 - INFO - Epoch 7/10
2025-07-10 17:05:35,251 - INFO - Train Loss: 0.0303, Val Loss: 0.0992
2025-07-10 17:05:35,251 - INFO - Train Dice: 0.0724, Val Dice: 0.2463
2025-07-10 17:05:35,251 - INFO - Train IoU: 0.0376, Val IoU: 0.1480
2025-07-10 17:05:35,434 - INFO - Checkpoint saved: ./models/best_segmentation_medseg_liver.pth
2025-07-10 17:05:36,002 - INFO - Epoch 8/10
2025-07-10 17:05:36,002 - INFO - Train Loss: 0.0301, Val Loss: 0.0982
2025-07-10 17:05:36,002 - INFO - Train Dice: 0.0825, Val Dice: 0.2815
2025-07-10 17:05:36,002 - INFO - Train IoU: 0.0431, Val IoU: 0.1757
2025-07-10 17:05:36,187 - INFO - Checkpoint saved: ./models/best_segmentation_medseg_liver.pth
2025-07-10 17:05:36,911 - INFO - Epoch 9/10
2025-07-10 17:05:36,911 - INFO - Train Loss: 0.0299, Val Loss: 0.0972
2025-07-10 17:05:36,911 - INFO - Train Dice: 0.0951, Val Dice: 0.3083
2025-07-10 17:05:36,911 - INFO - Train IoU: 0.0501, Val IoU: 0.1983
2025-07-10 17:05:37,050 - INFO - Checkpoint saved: ./models/best_segmentation_medseg_liver.pth
2025-07-10 17:05:37,749 - INFO - Epoch 10/10
2025-07-10 17:05:37,749 - INFO - Train Loss: 0.0298, Val Loss: 0.0963
2025-07-10 17:05:37,749 - INFO - Train Dice: 0.1098, Val Dice: 0.3310
2025-07-10 17:05:37,749 - INFO - Train IoU: 0.0585, Val IoU: 0.2184
2025-07-10 17:05:37,885 - INFO - Checkpoint saved: ./models/best_segmentation_medseg_liver.pth
2025-07-10 17:05:38,537 - INFO - Training history saved to CSV: ./results/segmentation_medseg_liver_training_history.csv
2025-07-10 17:05:38,538 - INFO - Training on segmentation dataset: cvc_clinicdb
2025-07-10 17:05:38,539 - INFO - Training segmentation task on cvc_clinicdb dataset
2025-07-10 17:05:38,766 - INFO - Early stopping disabled - training will run for full number of epochs
2025-07-10 17:05:39,760 - INFO - Epoch 1/10
2025-07-10 17:05:39,761 - INFO - Train Loss: 0.0209, Val Loss: 0.0344
2025-07-10 17:05:39,761 - INFO - Train Dice: 0.4891, Val Dice: 0.5828
2025-07-10 17:05:39,761 - INFO - Train IoU: 0.4554, Val IoU: 0.4891
2025-07-10 17:05:39,891 - INFO - Checkpoint saved: ./models/best_segmentation_cvc_clinicdb.pth
2025-07-10 17:05:40,699 - INFO - Epoch 2/10
2025-07-10 17:05:40,699 - INFO - Train Loss: 0.0201, Val Loss: 0.0338
2025-07-10 17:05:40,700 - INFO - Train Dice: 0.5827, Val Dice: 0.6083
2025-07-10 17:05:40,700 - INFO - Train IoU: 0.5024, Val IoU: 0.4844
2025-07-10 17:05:40,835 - INFO - Checkpoint saved: ./models/best_segmentation_cvc_clinicdb.pth
2025-07-10 17:05:41,612 - INFO - Epoch 3/10
2025-07-10 17:05:41,612 - INFO - Train Loss: 0.0194, Val Loss: 0.0330
2025-07-10 17:05:41,612 - INFO - Train Dice: 0.5879, Val Dice: 0.6217
2025-07-10 17:05:41,612 - INFO - Train IoU: 0.4999, Val IoU: 0.5116
2025-07-10 17:05:41,749 - INFO - Checkpoint saved: ./models/best_segmentation_cvc_clinicdb.pth
2025-07-10 17:05:42,536 - INFO - Epoch 4/10
2025-07-10 17:05:42,536 - INFO - Train Loss: 0.0189, Val Loss: 0.0321
2025-07-10 17:05:42,536 - INFO - Train Dice: 0.5690, Val Dice: 0.5713
2025-07-10 17:05:42,536 - INFO - Train IoU: 0.4961, Val IoU: 0.4961
2025-07-10 17:05:42,671 - INFO - Checkpoint saved: ./models/best_segmentation_cvc_clinicdb.pth
2025-07-10 17:05:43,415 - INFO - Epoch 5/10
2025-07-10 17:05:43,415 - INFO - Train Loss: 0.0184, Val Loss: 0.0313
2025-07-10 17:05:43,415 - INFO - Train Dice: 0.4879, Val Dice: 0.4831
2025-07-10 17:05:43,415 - INFO - Train IoU: 0.4555, Val IoU: 0.4533
2025-07-10 17:05:43,553 - INFO - Checkpoint saved: ./models/best_segmentation_cvc_clinicdb.pth
2025-07-10 17:05:44,295 - INFO - Epoch 6/10
2025-07-10 17:05:44,295 - INFO - Train Loss: 0.0180, Val Loss: 0.0305
2025-07-10 17:05:44,295 - INFO - Train Dice: 0.4779, Val Dice: 0.4731
2025-07-10 17:05:44,295 - INFO - Train IoU: 0.4523, Val IoU: 0.4488
2025-07-10 17:05:44,434 - INFO - Checkpoint saved: ./models/best_segmentation_cvc_clinicdb.pth
2025-07-10 17:05:45,173 - INFO - Epoch 7/10
2025-07-10 17:05:45,174 - INFO - Train Loss: 0.0177, Val Loss: 0.0298
2025-07-10 17:05:45,174 - INFO - Train Dice: 0.4745, Val Dice: 0.4730
2025-07-10 17:05:45,174 - INFO - Train IoU: 0.4507, Val IoU: 0.4487
2025-07-10 17:05:45,325 - INFO - Checkpoint saved: ./models/best_segmentation_cvc_clinicdb.pth
2025-07-10 17:05:46,046 - INFO - Epoch 8/10
2025-07-10 17:05:46,046 - INFO - Train Loss: 0.0172, Val Loss: 0.0294
2025-07-10 17:05:46,046 - INFO - Train Dice: 0.4739, Val Dice: 0.4730
2025-07-10 17:05:46,046 - INFO - Train IoU: 0.4504, Val IoU: 0.4487
2025-07-10 17:05:46,187 - INFO - Checkpoint saved: ./models/best_segmentation_cvc_clinicdb.pth
2025-07-10 17:05:46,914 - INFO - Epoch 9/10
2025-07-10 17:05:46,914 - INFO - Train Loss: 0.0170, Val Loss: 0.0284
2025-07-10 17:05:46,914 - INFO - Train Dice: 0.4739, Val Dice: 0.4730
2025-07-10 17:05:46,914 - INFO - Train IoU: 0.4504, Val IoU: 0.4487
2025-07-10 17:05:47,062 - INFO - Checkpoint saved: ./models/best_segmentation_cvc_clinicdb.pth
2025-07-10 17:05:47,773 - INFO - Epoch 10/10
2025-07-10 17:05:47,773 - INFO - Train Loss: 0.0167, Val Loss: 0.0272
2025-07-10 17:05:47,773 - INFO - Train Dice: 0.4739, Val Dice: 0.4730
2025-07-10 17:05:47,773 - INFO - Train IoU: 0.4505, Val IoU: 0.4487
2025-07-10 17:05:47,914 - INFO - Checkpoint saved: ./models/best_segmentation_cvc_clinicdb.pth
2025-07-10 17:05:48,458 - INFO - Training history saved to CSV: ./results/segmentation_cvc_clinicdb_training_history.csv
2025-07-10 17:05:48,461 - INFO - Training on segmentation dataset: kvasir_seg
2025-07-10 17:05:48,462 - INFO - Training segmentation task on kvasir_seg dataset
2025-07-10 17:05:49,071 - INFO - Early stopping disabled - training will run for full number of epochs
2025-07-10 17:05:50,485 - INFO - Epoch 1/10
2025-07-10 17:05:50,485 - INFO - Train Loss: 0.0199, Val Loss: 0.0193
2025-07-10 17:05:50,485 - INFO - Train Dice: 0.5733, Val Dice: 0.6007
2025-07-10 17:05:50,485 - INFO - Train IoU: 0.4629, Val IoU: 0.4545
2025-07-10 17:05:50,613 - INFO - Checkpoint saved: ./models/best_segmentation_kvasir_seg.pth
2025-07-10 17:05:51,842 - INFO - Epoch 2/10
2025-07-10 17:05:51,843 - INFO - Train Loss: 0.0189, Val Loss: 0.0180
2025-07-10 17:05:51,843 - INFO - Train Dice: 0.6332, Val Dice: 0.6089
2025-07-10 17:05:51,843 - INFO - Train IoU: 0.5088, Val IoU: 0.4579
2025-07-10 17:05:52,001 - INFO - Checkpoint saved: ./models/best_segmentation_kvasir_seg.pth
2025-07-10 17:05:53,244 - INFO - Epoch 3/10
2025-07-10 17:05:53,244 - INFO - Train Loss: 0.0181, Val Loss: 0.0167
2025-07-10 17:05:53,244 - INFO - Train Dice: 0.6685, Val Dice: 0.7665
2025-07-10 17:05:53,244 - INFO - Train IoU: 0.5479, Val IoU: 0.6481
2025-07-10 17:05:53,389 - INFO - Checkpoint saved: ./models/best_segmentation_kvasir_seg.pth
2025-07-10 17:05:54,592 - INFO - Epoch 4/10
2025-07-10 17:05:54,592 - INFO - Train Loss: 0.0171, Val Loss: 0.0160
2025-07-10 17:05:54,592 - INFO - Train Dice: 0.7432, Val Dice: 0.7872
2025-07-10 17:05:54,592 - INFO - Train IoU: 0.6290, Val IoU: 0.6728
2025-07-10 17:05:54,748 - INFO - Checkpoint saved: ./models/best_segmentation_kvasir_seg.pth
2025-07-10 17:05:55,914 - INFO - Epoch 5/10
2025-07-10 17:05:55,915 - INFO - Train Loss: 0.0164, Val Loss: 0.0156
2025-07-10 17:05:55,915 - INFO - Train Dice: 0.7540, Val Dice: 0.8040
2025-07-10 17:05:55,915 - INFO - Train IoU: 0.6414, Val IoU: 0.6972
2025-07-10 17:05:56,064 - INFO - Checkpoint saved: ./models/best_segmentation_kvasir_seg.pth
2025-07-10 17:05:57,251 - INFO - Epoch 6/10
2025-07-10 17:05:57,252 - INFO - Train Loss: 0.0159, Val Loss: 0.0153
2025-07-10 17:05:57,252 - INFO - Train Dice: 0.7696, Val Dice: 0.8089
2025-07-10 17:05:57,252 - INFO - Train IoU: 0.6589, Val IoU: 0.6997
2025-07-10 17:05:57,404 - INFO - Checkpoint saved: ./models/best_segmentation_kvasir_seg.pth
2025-07-10 17:05:58,566 - INFO - Epoch 7/10
2025-07-10 17:05:58,566 - INFO - Train Loss: 0.0154, Val Loss: 0.0152
2025-07-10 17:05:58,566 - INFO - Train Dice: 0.7857, Val Dice: 0.8111
2025-07-10 17:05:58,566 - INFO - Train IoU: 0.6766, Val IoU: 0.7049
2025-07-10 17:05:58,703 - INFO - Checkpoint saved: ./models/best_segmentation_kvasir_seg.pth
2025-07-10 17:05:59,906 - INFO - Epoch 8/10
2025-07-10 17:05:59,906 - INFO - Train Loss: 0.0150, Val Loss: 0.0146
2025-07-10 17:05:59,907 - INFO - Train Dice: 0.7873, Val Dice: 0.8104
2025-07-10 17:05:59,907 - INFO - Train IoU: 0.6788, Val IoU: 0.7034
2025-07-10 17:06:00,067 - INFO - Checkpoint saved: ./models/best_segmentation_kvasir_seg.pth
2025-07-10 17:06:01,243 - INFO - Epoch 9/10
2025-07-10 17:06:01,243 - INFO - Train Loss: 0.0143, Val Loss: 0.0141
2025-07-10 17:06:01,243 - INFO - Train Dice: 0.8213, Val Dice: 0.8122
2025-07-10 17:06:01,243 - INFO - Train IoU: 0.7189, Val IoU: 0.7046
2025-07-10 17:06:01,390 - INFO - Checkpoint saved: ./models/best_segmentation_kvasir_seg.pth
2025-07-10 17:06:02,548 - INFO - Epoch 10/10
2025-07-10 17:06:02,548 - INFO - Train Loss: 0.0140, Val Loss: 0.0141
2025-07-10 17:06:02,549 - INFO - Train Dice: 0.8230, Val Dice: 0.8204
2025-07-10 17:06:02,549 - INFO - Train IoU: 0.7201, Val IoU: 0.7167
2025-07-10 17:06:02,684 - INFO - Checkpoint saved: ./models/best_segmentation_kvasir_seg.pth
2025-07-10 17:06:03,201 - INFO - Training history saved to CSV: ./results/segmentation_kvasir_seg_training_history.csv
2025-07-10 17:06:03,205 - INFO - Training on segmentation dataset: brain_stroke
2025-07-10 17:06:03,207 - INFO - Training segmentation task on brain_stroke dataset
2025-07-10 17:06:29,519 - INFO - Early stopping disabled - training will run for full number of epochs
2025-07-10 17:06:44,741 - INFO - Epoch 1/10
2025-07-10 17:06:44,742 - INFO - Train Loss: 0.0169, Val Loss: 0.0181
2025-07-10 17:06:44,742 - INFO - Train Dice: 0.4991, Val Dice: 0.4987
2025-07-10 17:06:44,742 - INFO - Train IoU: 0.4975, Val IoU: 0.4974
2025-07-10 17:06:44,927 - INFO - Checkpoint saved: ./models/best_segmentation_brain_stroke.pth
2025-07-10 17:06:59,984 - INFO - Epoch 2/10
2025-07-10 17:06:59,984 - INFO - Train Loss: 0.0143, Val Loss: 0.0148
2025-07-10 17:06:59,984 - INFO - Train Dice: 0.4988, Val Dice: 0.4987
2025-07-10 17:06:59,984 - INFO - Train IoU: 0.4975, Val IoU: 0.4974
2025-07-10 17:07:00,175 - INFO - Checkpoint saved: ./models/best_segmentation_brain_stroke.pth
2025-07-10 17:07:15,390 - INFO - Epoch 3/10
2025-07-10 17:07:15,391 - INFO - Train Loss: 0.0124, Val Loss: 0.0112
2025-07-10 17:07:15,391 - INFO - Train Dice: 0.4988, Val Dice: 0.4987
2025-07-10 17:07:15,391 - INFO - Train IoU: 0.4975, Val IoU: 0.4974
2025-07-10 17:07:15,580 - INFO - Checkpoint saved: ./models/best_segmentation_brain_stroke.pth
2025-07-10 17:07:30,359 - INFO - Epoch 4/10
2025-07-10 17:07:30,359 - INFO - Train Loss: 0.0107, Val Loss: 0.0100
2025-07-10 17:07:30,359 - INFO - Train Dice: 0.4988, Val Dice: 0.4987
2025-07-10 17:07:30,359 - INFO - Train IoU: 0.4975, Val IoU: 0.4974
2025-07-10 17:07:30,570 - INFO - Checkpoint saved: ./models/best_segmentation_brain_stroke.pth
2025-07-10 17:07:45,296 - INFO - Epoch 5/10
2025-07-10 17:07:45,296 - INFO - Train Loss: 0.0096, Val Loss: 0.0097
2025-07-10 17:07:45,296 - INFO - Train Dice: 0.4988, Val Dice: 0.4987
2025-07-10 17:07:45,296 - INFO - Train IoU: 0.4975, Val IoU: 0.4974
2025-07-10 17:07:45,479 - INFO - Checkpoint saved: ./models/best_segmentation_brain_stroke.pth
2025-07-10 17:08:00,396 - INFO - Epoch 6/10
2025-07-10 17:08:00,396 - INFO - Train Loss: 0.0090, Val Loss: 0.0092
2025-07-10 17:08:00,396 - INFO - Train Dice: 0.4988, Val Dice: 0.4987
2025-07-10 17:08:00,396 - INFO - Train IoU: 0.4975, Val IoU: 0.4974
2025-07-10 17:08:00,588 - INFO - Checkpoint saved: ./models/best_segmentation_brain_stroke.pth
2025-07-10 17:08:16,068 - INFO - Epoch 7/10
2025-07-10 17:08:16,068 - INFO - Train Loss: 0.0086, Val Loss: 0.0091
2025-07-10 17:08:16,068 - INFO - Train Dice: 0.4988, Val Dice: 0.4987
2025-07-10 17:08:16,068 - INFO - Train IoU: 0.4975, Val IoU: 0.4974
2025-07-10 17:08:16,259 - INFO - Checkpoint saved: ./models/best_segmentation_brain_stroke.pth
2025-07-10 17:08:31,130 - INFO - Epoch 8/10
2025-07-10 17:08:31,130 - INFO - Train Loss: 0.0084, Val Loss: 0.0091
2025-07-10 17:08:31,130 - INFO - Train Dice: 0.4988, Val Dice: 0.4987
2025-07-10 17:08:31,130 - INFO - Train IoU: 0.4975, Val IoU: 0.4974
2025-07-10 17:08:46,034 - INFO - Epoch 9/10
2025-07-10 17:08:46,035 - INFO - Train Loss: 0.0083, Val Loss: 0.0088
2025-07-10 17:08:46,035 - INFO - Train Dice: 0.4988, Val Dice: 0.4987
2025-07-10 17:08:46,035 - INFO - Train IoU: 0.4975, Val IoU: 0.4974
2025-07-10 17:08:46,238 - INFO - Checkpoint saved: ./models/best_segmentation_brain_stroke.pth
2025-07-10 17:09:01,284 - INFO - Epoch 10/10
2025-07-10 17:09:01,285 - INFO - Train Loss: 0.0082, Val Loss: 0.0086
2025-07-10 17:09:01,285 - INFO - Train Dice: 0.4988, Val Dice: 0.4987
2025-07-10 17:09:01,285 - INFO - Train IoU: 0.4975, Val IoU: 0.4974
2025-07-10 17:09:01,475 - INFO - Checkpoint saved: ./models/best_segmentation_brain_stroke.pth
2025-07-10 17:09:02,003 - INFO - Training history saved to CSV: ./results/segmentation_brain_stroke_training_history.csv
2025-07-10 17:09:02,194 - INFO - Final model saved: ./models/foundation_model_final.pth
2025-07-10 17:09:05,021 - INFO - All training histories saved to CSV: ./results/all_training_histories.csv
2025-07-10 17:09:05,022 - INFO - Final metrics summary saved to CSV: ./results/final_metrics_summary.csv
2025-07-10 17:09:05,022 - INFO - Final summary created!
2025-07-10 17:09:05,022 - INFO - Sequential training completed!
